Archive member included to satisfy reference by file (symbol)

lib/orangescrt.a(sys_xia.o)   kernel/global.o (sys_xia)
lib/orangescrt.a(printf.o)    kernel/main.o (printf)
lib/orangescrt.a(vsprintf.o)  kernel/main.o (vsprintf)
lib/orangescrt.a(string.o)    kernel/start.o (memcpy)
lib/orangescrt.a(misc.o)      kernel/main.o (send_recv)
lib/orangescrt.a(open.o)      kernel/main.o (open)
lib/orangescrt.a(read.o)      kernel/main.o (read)
lib/orangescrt.a(write.o)     kernel/main.o (write)
lib/orangescrt.a(close.o)     kernel/main.o (close)
lib/orangescrt.a(unlink.o)    kernel/main.o (unlink)
lib/orangescrt.a(getpid.o)    fs/disklog.o (getpid)
lib/orangescrt.a(stat.o)      mm/exec.o (stat)
lib/orangescrt.a(fork.o)      kernel/main.o (fork)
lib/orangescrt.a(wait.o)      kernel/main.o (wait)
lib/orangescrt.a(exec.o)      kernel/main.o (execv)
lib/orangescrt.a(syscall.o)   lib/orangescrt.a(misc.o) (sendrec)

Allocating common symbols
Common symbol       size              file

idt_ptr             0x6               kernel/global.o
inode_table         0xb00             kernel/global.o
task_stack          0x24000           kernel/global.o
k_reenter           0x4               kernel/global.o
gdt                 0x400             kernel/global.o
current_console     0x4               kernel/global.o
pcaller             0x4               kernel/global.o
tty_table           0xc6c             kernel/global.o
tss                 0x68              kernel/global.o
fs_msg              0xb0              kernel/global.o
memory_size         0x4               kernel/global.o
f_desc_table        0x400             kernel/global.o
root_inode          0x4               kernel/global.o
disp_pos            0x4               kernel/global.o
mm_msg              0xb0              kernel/global.o
key_pressed         0x4               kernel/global.o
gdt_ptr             0x6               kernel/global.o
idt                 0x800             kernel/global.o
super_block         0x1e0             kernel/global.o
PARTITION_ENTRY     0x10              kernel/hd.o
ticks               0x4               kernel/global.o
console_table       0x3c              kernel/global.o
irq_table           0x40              kernel/global.o
p_proc_ready        0x4               kernel/global.o
proc_table          0x17e8            kernel/global.o

Discarded input sections

 .note.GNU-stack
                0x0000000000000000        0x0 kernel/start.o
 .note.GNU-stack
                0x0000000000000000        0x0 kernel/main.o
 .note.GNU-stack
                0x0000000000000000        0x0 kernel/clock.o
 .note.GNU-stack
                0x0000000000000000        0x0 kernel/keyboard.o
 .note.GNU-stack
                0x0000000000000000        0x0 kernel/tty.o
 .note.GNU-stack
                0x0000000000000000        0x0 kernel/console.o
 .note.GNU-stack
                0x0000000000000000        0x0 kernel/i8259.o
 .note.GNU-stack
                0x0000000000000000        0x0 kernel/global.o
 .note.GNU-stack
                0x0000000000000000        0x0 kernel/protect.o
 .note.GNU-stack
                0x0000000000000000        0x0 kernel/proc.o
 .note.GNU-stack
                0x0000000000000000        0x0 kernel/systask.o
 .note.GNU-stack
                0x0000000000000000        0x0 kernel/hd.o
 .note.GNU-stack
                0x0000000000000000        0x0 kernel/klib.o
 .note.GNU-stack
                0x0000000000000000        0x0 kernel/animation.o
 .note.GNU-stack
                0x0000000000000000        0x0 lib/syslog.o
 .note.GNU-stack
                0x0000000000000000        0x0 mm/main.o
 .note.GNU-stack
                0x0000000000000000        0x0 mm/forkexit.o
 .note.GNU-stack
                0x0000000000000000        0x0 mm/exec.o
 .note.GNU-stack
                0x0000000000000000        0x0 fs/main.o
 .note.GNU-stack
                0x0000000000000000        0x0 fs/open.o
 .note.GNU-stack
                0x0000000000000000        0x0 fs/misc.o
 .note.GNU-stack
                0x0000000000000000        0x0 fs/read_write.o
 .note.GNU-stack
                0x0000000000000000        0x0 fs/link.o
 .note.GNU-stack
                0x0000000000000000        0x0 fs/disklog.o
 .note.GNU-stack
                0x0000000000000000        0x0 lib/orangescrt.a(sys_xia.o)
 .note.GNU-stack
                0x0000000000000000        0x0 lib/orangescrt.a(printf.o)
 .note.GNU-stack
                0x0000000000000000        0x0 lib/orangescrt.a(vsprintf.o)
 .note.GNU-stack
                0x0000000000000000        0x0 lib/orangescrt.a(misc.o)
 .note.GNU-stack
                0x0000000000000000        0x0 lib/orangescrt.a(open.o)
 .note.GNU-stack
                0x0000000000000000        0x0 lib/orangescrt.a(read.o)
 .note.GNU-stack
                0x0000000000000000        0x0 lib/orangescrt.a(write.o)
 .note.GNU-stack
                0x0000000000000000        0x0 lib/orangescrt.a(close.o)
 .note.GNU-stack
                0x0000000000000000        0x0 lib/orangescrt.a(unlink.o)
 .note.GNU-stack
                0x0000000000000000        0x0 lib/orangescrt.a(getpid.o)
 .note.GNU-stack
                0x0000000000000000        0x0 lib/orangescrt.a(stat.o)
 .note.GNU-stack
                0x0000000000000000        0x0 lib/orangescrt.a(fork.o)
 .note.GNU-stack
                0x0000000000000000        0x0 lib/orangescrt.a(wait.o)
 .note.GNU-stack
                0x0000000000000000        0x0 lib/orangescrt.a(exec.o)

Memory Configuration

Name             Origin             Length             Attributes
*default*        0x0000000000000000 0xffffffffffffffff

Linker script and memory map

Address of section .text set to 0x1000
LOAD kernel/kernel.o
LOAD kernel/start.o
LOAD kernel/main.o
LOAD kernel/clock.o
LOAD kernel/keyboard.o
LOAD kernel/tty.o
LOAD kernel/console.o
LOAD kernel/i8259.o
LOAD kernel/global.o
LOAD kernel/protect.o
LOAD kernel/proc.o
LOAD kernel/systask.o
LOAD kernel/hd.o
LOAD kernel/kliba.o
LOAD kernel/klib.o
LOAD kernel/animation.o
LOAD lib/syslog.o
LOAD mm/main.o
LOAD mm/forkexit.o
LOAD mm/exec.o
LOAD fs/main.o
LOAD fs/open.o
LOAD fs/misc.o
LOAD fs/read_write.o
LOAD fs/link.o
LOAD fs/disklog.o
LOAD lib/orangescrt.a
                0x0000000008048000                PROVIDE (__executable_start, 0x8048000)
                0x0000000008048094                . = (0x8048000 + SIZEOF_HEADERS)

.interp
 *(.interp)

.note.gnu.build-id
 *(.note.gnu.build-id)

.hash
 *(.hash)

.gnu.hash
 *(.gnu.hash)

.dynsym
 *(.dynsym)

.dynstr
 *(.dynstr)

.gnu.version
 *(.gnu.version)

.gnu.version_d
 *(.gnu.version_d)

.gnu.version_r
 *(.gnu.version_r)

.rel.dyn        0x0000000008048094        0x0
 *(.rel.init)
 *(.rel.text .rel.text.* .rel.gnu.linkonce.t.*)
 .rel.text      0x0000000000000000        0x0 kernel/kernel.o
 *(.rel.fini)
 *(.rel.rodata .rel.rodata.* .rel.gnu.linkonce.r.*)
 *(.rel.data.rel.ro .rel.data.rel.ro.* .rel.gnu.linkonce.d.rel.ro.*)
 *(.rel.data .rel.data.* .rel.gnu.linkonce.d.*)
 .rel.data      0x0000000000000000        0x0 kernel/kernel.o
 *(.rel.tdata .rel.tdata.* .rel.gnu.linkonce.td.*)
 *(.rel.tbss .rel.tbss.* .rel.gnu.linkonce.tb.*)
 *(.rel.ctors)
 *(.rel.dtors)
 *(.rel.got)
 *(.rel.bss .rel.bss.* .rel.gnu.linkonce.b.*)
 *(.rel.ifunc)

.rel.plt        0x0000000008048094        0x0
 *(.rel.plt)
                0x0000000008048094                PROVIDE (__rel_iplt_start, .)
 *(.rel.iplt)
 .rel.iplt      0x0000000000000000        0x0 kernel/kernel.o
                0x0000000008048094                PROVIDE (__rel_iplt_end, .)

.init
 *(SORT(.init))

.plt            0x00000000080480a0        0x0
 *(.plt)
 *(.iplt)
 .iplt          0x0000000000000000        0x0 kernel/kernel.o

.text           0x0000000000001000     0xfb58
 *(.text.unlikely .text.*_unlikely .text.unlikely.*)
 *(.text.exit .text.exit.*)
 *(.text.startup .text.startup.*)
 *(.text.hot .text.hot.*)
 *(.text .stub .text.* .gnu.linkonce.t.*)
 .text          0x0000000000001000      0x422 kernel/kernel.o
                0x0000000000001000                _start
                0x0000000000001040                hwint00
                0x0000000000001070                hwint01
                0x00000000000010a0                hwint02
                0x00000000000010d0                hwint03
                0x0000000000001100                hwint04
                0x0000000000001130                hwint05
                0x0000000000001160                hwint06
                0x0000000000001190                hwint07
                0x00000000000011c0                hwint08
                0x00000000000011f0                hwint09
                0x0000000000001220                hwint10
                0x0000000000001250                hwint11
                0x0000000000001280                hwint12
                0x00000000000012b0                hwint13
                0x00000000000012e0                hwint14
                0x0000000000001310                hwint15
                0x0000000000001334                divide_error
                0x000000000000133a                single_step_exception
                0x0000000000001340                nmi
                0x0000000000001346                breakpoint_exception
                0x000000000000134c                overflow
                0x0000000000001352                bounds_check
                0x0000000000001358                inval_opcode
                0x000000000000135e                copr_not_available
                0x0000000000001364                double_fault
                0x0000000000001368                copr_seg_overrun
                0x000000000000136e                inval_tss
                0x0000000000001372                segment_not_present
                0x0000000000001376                stack_exception
                0x000000000000137a                general_protection
                0x000000000000137e                page_fault
                0x0000000000001382                copr_error
                0x00000000000013cb                sys_call
                0x00000000000013eb                xia_call
                0x00000000000013fd                restart
 .text          0x0000000000001422       0x8e kernel/start.o
                0x0000000000001422                cstart
 .text          0x00000000000014b0     0x2f12 kernel/main.o
                0x00000000000014b0                sleep
                0x00000000000014da                kernel_main
                0x000000000000180f                get_ticks
                0x0000000000001853                get_time_RTC
                0x00000000000018b7                currentTime
                0x000000000000192d                untar
                0x0000000000001af7                Init
                0x0000000000001c26                TestA
                0x0000000000001c2b                TestB
                0x0000000000001c30                TestC
                0x0000000000001c35                panic
                0x0000000000001c85                hello
                0x0000000000001ce7                shabby_shell
                0x000000000000259d                clearArr
                0x00000000000025c5                login
                0x0000000000002627                hasLogined
                0x0000000000002650                newLogin
                0x00000000000026f1                clearAll
                0x000000000000282f                createAll
                0x00000000000029ba                realEdit
                0x0000000000002a04                save
                0x0000000000002d20                initFs
                0x00000000000030f7                welcome
                0x000000000000318c                showLicense
                0x00000000000031e8                colorful
                0x000000000000359b                clear
                0x00000000000035c9                getPos
                0x000000000000360d                showProcess
                0x00000000000036b3                kill
                0x0000000000003746                pause
                0x00000000000037cf                resume
                0x0000000000003895                help
                0x0000000000003ad1                createFile
                0x0000000000003c4b                isExist
                0x0000000000003ced                editFile
                0x0000000000003ded                readFile
                0x0000000000003efd                pwd
                0x0000000000003f19                deleteFile
                0x0000000000004005                delete
                0x0000000000004100                lsFile
                0x00000000000041b3                cdFile
                0x0000000000004250                cdBack
                0x000000000000434d                TESTA
 .text          0x00000000000043c2      0x115 kernel/clock.o
                0x00000000000043c2                clock_handler
                0x000000000000443a                milli_delay
                0x0000000000004473                init_clock
 .text          0x00000000000044d7      0x6cf kernel/keyboard.o
                0x00000000000044d7                keyboard_handler
                0x000000000000453d                init_keyboard
                0x00000000000045ec                keyboard_read
 .text          0x0000000000004ba6      0xa67 kernel/tty.o
                0x0000000000004ba6                task_tty
                0x0000000000004d3d                init_tty
                0x0000000000004d7b                in_process
                0x0000000000005314                sys_printx
                0x00000000000054b6                dump_tty_buf
 .text          0x000000000000560d      0x7e8 kernel/console.o
                0x000000000000560d                init_screen
                0x0000000000005785                out_char
                0x0000000000005a42                clear_screen
                0x0000000000005a7b                is_current_console
                0x0000000000005b70                select_console
                0x0000000000005bab                scroll_screen
                0x0000000000005d8f                flush
 .text          0x0000000000005df5      0x13c kernel/i8259.o
                0x0000000000005df5                init_8259A
                0x0000000000005ee6                spurious_irq
                0x0000000000005f11                put_irq_handler
 .text          0x0000000000005f31        0x0 kernel/global.o
 .text          0x0000000000005f31      0x842 kernel/protect.o
                0x0000000000005f31                init_prot
                0x000000000000658b                seg2linear
                0x00000000000065da                init_desc
                0x0000000000006646                exception_handler
 .text          0x0000000000006773     0x18b6 kernel/proc.o
                0x0000000000006773                schedule
                0x00000000000067fe                sys_sendrec
                0x000000000000695d                ldt_seg_linear
                0x00000000000069a7                va2la
                0x0000000000006a16                reset_msg
                0x00000000000079d7                inform_int
                0x0000000000007b6d                dump_proc
                0x0000000000007ed0                dump_msg
 .text          0x0000000000008029      0x377 kernel/systask.o
                0x0000000000008029                task_sys
 .text          0x00000000000083a0      0xeec kernel/hd.o
                0x00000000000083a0                task_hd
                0x0000000000009267                hd_handler
 *fill*         0x000000000000928c        0x4 
 .text          0x0000000000009290      0x19a kernel/kliba.o
                0x0000000000009290                disp_str
                0x00000000000092ce                disp_color_str
                0x000000000000930d                out_byte
                0x0000000000009319                in_byte
                0x0000000000009323                port_read
                0x0000000000009336                port_write
                0x0000000000009349                disable_irq
                0x000000000000937e                enable_irq
                0x000000000000939d                disable_int
                0x000000000000939f                enable_int
                0x00000000000093a1                glitter
 .text          0x000000000000942a      0x2d2 kernel/klib.o
                0x000000000000942a                get_boot_params
                0x00000000000094ca                get_kernel_map
                0x00000000000095e6                itoa
                0x0000000000009691                disp_int
                0x00000000000096b6                delay
 .text          0x00000000000096fc      0xa57 kernel/animation.o
                0x00000000000096fc                animation
 .text          0x000000000000a153       0x75 lib/syslog.o
                0x000000000000a153                syslog
 .text          0x000000000000a1c8      0x1d9 mm/main.o
                0x000000000000a1c8                task_mm
                0x000000000000a30e                alloc_mem
                0x000000000000a397                free_mem
 .text          0x000000000000a3a1      0x641 mm/forkexit.o
                0x000000000000a3a1                do_fork
                0x000000000000a743                do_exit
                0x000000000000a920                do_wait
 .text          0x000000000000a9e2      0x392 mm/exec.o
                0x000000000000a9e2                do_exec
 .text          0x000000000000ad74     0x1276 fs/main.o
                0x000000000000ad74                task_fs
                0x000000000000b96a                rw_sector
                0x000000000000bbc2                get_super_block
                0x000000000000bc08                get_inode
                0x000000000000bd76                put_inode
                0x000000000000bdbb                sync_inode
 .text          0x000000000000bfea      0xb5d fs/open.o
                0x000000000000bfea                do_open
                0x000000000000c479                do_close
                0x000000000000c4f0                do_lseek
 .text          0x000000000000cb47      0x3f6 fs/misc.o
                0x000000000000cb47                do_stat
                0x000000000000cd38                search_file
                0x000000000000ceb1                strip_path
 .text          0x000000000000cf3d      0x522 fs/read_write.o
                0x000000000000cf3d                do_rdwt
 .text          0x000000000000d45f      0x8f6 fs/link.o
                0x000000000000d45f                do_unlink
 .text          0x000000000000dd55     0x2119 fs/disklog.o
                0x000000000000dd55                disklog
                0x000000000000e39b                dump_fd_graph
 .text          0x000000000000fe6e       0x19 lib/orangescrt.a(sys_xia.o)
                0x000000000000fe6e                sys_xia
 .text          0x000000000000fe87       0xc0 lib/orangescrt.a(printf.o)
                0x000000000000fe87                printf
                0x000000000000ff06                printl
 .text          0x000000000000ff47      0x318 lib/orangescrt.a(vsprintf.o)
                0x000000000000ffaa                vsprintf
                0x0000000000010235                sprintf
 *fill*         0x000000000001025f        0x1 
 .text          0x0000000000010260       0x78 lib/orangescrt.a(string.o)
                0x0000000000010260                memcpy
                0x0000000000010289                memset
                0x00000000000102aa                strcpy
                0x00000000000102c2                strlen
 .text          0x00000000000102d8      0x288 lib/orangescrt.a(misc.o)
                0x00000000000102d8                send_recv
                0x00000000000103b8                memcmp
                0x000000000001042e                strcmp
                0x00000000000104a0                strcat
                0x00000000000104ff                spin
                0x000000000001051a                assertion_failure
 .text          0x0000000000010560       0x7f lib/orangescrt.a(open.o)
                0x0000000000010560                open
 .text          0x00000000000105df       0x48 lib/orangescrt.a(read.o)
                0x00000000000105df                read
 .text          0x0000000000010627       0x48 lib/orangescrt.a(write.o)
                0x0000000000010627                write
 .text          0x000000000001066f       0x3c lib/orangescrt.a(close.o)
                0x000000000001066f                close
 .text          0x00000000000106ab       0x4a lib/orangescrt.a(unlink.o)
                0x00000000000106ab                unlink
 .text          0x00000000000106f5       0x65 lib/orangescrt.a(getpid.o)
                0x00000000000106f5                getpid
 .text          0x000000000001075a       0x7f lib/orangescrt.a(stat.o)
                0x000000000001075a                stat
 .text          0x00000000000107d9       0x90 lib/orangescrt.a(fork.o)
                0x00000000000107d9                fork
 .text          0x0000000000010869       0x4d lib/orangescrt.a(wait.o)
                0x0000000000010869                wait
 .text          0x00000000000108b6      0x26f lib/orangescrt.a(exec.o)
                0x00000000000108b6                exec
                0x000000000001093d                execl
                0x0000000000010963                execv
 *fill*         0x0000000000010b25        0xb 
 .text          0x0000000000010b30       0x28 lib/orangescrt.a(syscall.o)
                0x0000000000010b30                sendrec
                0x0000000000010b4a                printx
 *(.gnu.warning)

.fini
 *(SORT(.fini))
                0x0000000000010b58                PROVIDE (__etext, .)
                0x0000000000010b58                PROVIDE (_etext, .)
                0x0000000000010b58                PROVIDE (etext, .)

.rodata         0x0000000000010b60     0x6b1f
 *(.rodata .rodata.* .gnu.linkonce.r.*)
 .rodata        0x0000000000010b60       0x47 kernel/start.o
 *fill*         0x0000000000010ba7        0x1 
 .rodata        0x0000000000010ba8     0x16f0 kernel/main.o
 .rodata        0x0000000000012298       0x64 kernel/keyboard.o
 .rodata        0x00000000000122fc      0x168 kernel/tty.o
 .rodata        0x0000000000012464       0x5b kernel/console.o
 .rodata        0x00000000000124bf       0x11 kernel/i8259.o
 .rodata        0x00000000000124d0       0x10 kernel/global.o
                0x00000000000124d0                FSBUF_SIZE
                0x00000000000124d4                MMBUF_SIZE
                0x00000000000124d8                LOGBUF_SIZE
                0x00000000000124dc                LOGDISKBUF_SIZE
 .rodata        0x00000000000124e0      0x580 kernel/protect.o
 .rodata        0x0000000000012a60      0x5da kernel/proc.o
 .rodata        0x000000000001303a       0x24 kernel/systask.o
 *fill*         0x000000000001305e        0x2 
 .rodata        0x0000000000013060      0x1df kernel/hd.o
 *fill*         0x000000000001323f        0x1 
 .rodata        0x0000000000013240       0x6a kernel/klib.o
 *fill*         0x00000000000132aa        0x2 
 .rodata        0x00000000000132ac     0x3017 kernel/animation.o
 .rodata        0x00000000000162c3       0x1e lib/syslog.o
 *fill*         0x00000000000162e1        0x3 
 .rodata        0x00000000000162e4       0xb1 mm/main.o
 *fill*         0x0000000000016395        0x3 
 .rodata        0x0000000000016398       0xe7 mm/forkexit.o
 *fill*         0x000000000001647f        0x1 
 .rodata        0x0000000000016480       0xa4 mm/exec.o
 .rodata        0x0000000000016524      0x2ba fs/main.o
 *fill*         0x00000000000167de        0x2 
 .rodata        0x00000000000167e0      0x13c fs/open.o
 .rodata        0x000000000001691c       0x60 fs/misc.o
 .rodata        0x000000000001697c      0x164 fs/read_write.o
 .rodata        0x0000000000016ae0      0x1ad fs/link.o
 *fill*         0x0000000000016c8d        0x3 
 .rodata        0x0000000000016c90      0x806 fs/disklog.o
 .rodata        0x0000000000017496       0x14 lib/orangescrt.a(printf.o)
 *fill*         0x00000000000174aa        0x2 
 .rodata        0x00000000000174ac       0xad lib/orangescrt.a(misc.o)
 .rodata        0x0000000000017559       0x23 lib/orangescrt.a(open.o)
 .rodata        0x000000000001757c       0x25 lib/orangescrt.a(getpid.o)
 .rodata        0x00000000000175a1       0x23 lib/orangescrt.a(stat.o)
 .rodata        0x00000000000175c4       0x33 lib/orangescrt.a(fork.o)
 *fill*         0x00000000000175f7        0x1 
 .rodata        0x00000000000175f8       0x87 lib/orangescrt.a(exec.o)

.rodata1
 *(.rodata1)

.eh_frame_hdr
 *(.eh_frame_hdr)

.eh_frame       0x0000000000017680     0x1788
 *(.eh_frame)
 .eh_frame      0x0000000000017680       0x38 kernel/start.o
 .eh_frame      0x00000000000176b8      0x570 kernel/main.o
                                        0x588 (size before relaxing)
 .eh_frame      0x0000000000017c28       0x60 kernel/clock.o
                                         0x78 (size before relaxing)
 .eh_frame      0x0000000000017c88       0xe0 kernel/keyboard.o
                                         0xf8 (size before relaxing)
 .eh_frame      0x0000000000017d68      0x13c kernel/tty.o
                                        0x154 (size before relaxing)
 .eh_frame      0x0000000000017ea4      0x148 kernel/console.o
                                        0x160 (size before relaxing)
 .eh_frame      0x0000000000017fec       0x60 kernel/i8259.o
                                         0x78 (size before relaxing)
 .eh_frame      0x000000000001804c       0xb0 kernel/protect.o
                                         0xc8 (size before relaxing)
 .eh_frame      0x00000000000180fc      0x1c0 kernel/proc.o
                                        0x1d8 (size before relaxing)
 .eh_frame      0x00000000000182bc       0x5c kernel/systask.o
                                         0x74 (size before relaxing)
 .eh_frame      0x0000000000018318      0x210 kernel/hd.o
                                        0x228 (size before relaxing)
 .eh_frame      0x0000000000018528       0xa0 kernel/klib.o
                                         0xb8 (size before relaxing)
 .eh_frame      0x00000000000185c8       0x20 kernel/animation.o
                                         0x38 (size before relaxing)
 .eh_frame      0x00000000000185e8       0x20 lib/syslog.o
                                         0x38 (size before relaxing)
 .eh_frame      0x0000000000018608       0x7c mm/main.o
                                         0x94 (size before relaxing)
 .eh_frame      0x0000000000018684       0x90 mm/forkexit.o
                                         0xa8 (size before relaxing)
 .eh_frame      0x0000000000018714       0x2c mm/exec.o
                                         0x44 (size before relaxing)
 .eh_frame      0x0000000000018740      0x174 fs/main.o
                                        0x18c (size before relaxing)
 .eh_frame      0x00000000000188b4      0x128 fs/open.o
                                        0x140 (size before relaxing)
 .eh_frame      0x00000000000189dc       0x70 fs/misc.o
                                         0x88 (size before relaxing)
 .eh_frame      0x0000000000018a4c       0x2c fs/read_write.o
                                         0x44 (size before relaxing)
 .eh_frame      0x0000000000018a78       0x2c fs/link.o
                                         0x44 (size before relaxing)
 .eh_frame      0x0000000000018aa4       0x60 fs/disklog.o
                                         0x78 (size before relaxing)
 .eh_frame      0x0000000000018b04       0x20 lib/orangescrt.a(sys_xia.o)
                                         0x38 (size before relaxing)
 .eh_frame      0x0000000000018b24       0x40 lib/orangescrt.a(printf.o)
                                         0x58 (size before relaxing)
 .eh_frame      0x0000000000018b64       0x68 lib/orangescrt.a(vsprintf.o)
                                         0x80 (size before relaxing)
 .eh_frame      0x0000000000018bcc       0xbc lib/orangescrt.a(misc.o)
                                         0xd4 (size before relaxing)
 .eh_frame      0x0000000000018c88       0x20 lib/orangescrt.a(open.o)
                                         0x38 (size before relaxing)
 .eh_frame      0x0000000000018ca8       0x20 lib/orangescrt.a(read.o)
                                         0x38 (size before relaxing)
 .eh_frame      0x0000000000018cc8       0x20 lib/orangescrt.a(write.o)
                                         0x38 (size before relaxing)
 .eh_frame      0x0000000000018ce8       0x20 lib/orangescrt.a(close.o)
                                         0x38 (size before relaxing)
 .eh_frame      0x0000000000018d08       0x20 lib/orangescrt.a(unlink.o)
                                         0x38 (size before relaxing)
 .eh_frame      0x0000000000018d28       0x20 lib/orangescrt.a(getpid.o)
                                         0x38 (size before relaxing)
 .eh_frame      0x0000000000018d48       0x20 lib/orangescrt.a(stat.o)
                                         0x38 (size before relaxing)
 .eh_frame      0x0000000000018d68       0x20 lib/orangescrt.a(fork.o)
                                         0x38 (size before relaxing)
 .eh_frame      0x0000000000018d88       0x20 lib/orangescrt.a(wait.o)
                                         0x38 (size before relaxing)
 .eh_frame      0x0000000000018da8       0x60 lib/orangescrt.a(exec.o)
                                         0x78 (size before relaxing)

.gcc_except_table
 *(.gcc_except_table .gcc_except_table.*)

.exception_ranges
 *(.exception_ranges .exception_ranges*)
                0x0000000000018e08                . = (ALIGN (0x1000) - ((0x1000 - .) & 0xfff))
                0x0000000000019000                . = DATA_SEGMENT_ALIGN (0x1000, 0x1000)

.eh_frame
 *(.eh_frame)

.gcc_except_table
 *(.gcc_except_table .gcc_except_table.*)

.exception_ranges
 *(.exception_ranges .exception_ranges*)

.tdata
 *(.tdata .tdata.* .gnu.linkonce.td.*)

.tbss
 *(.tbss .tbss.* .gnu.linkonce.tb.*)
 *(.tcommon)

.preinit_array  0x0000000000019000        0x0
                0x0000000000019000                PROVIDE (__preinit_array_start, .)
 *(.preinit_array)
                0x0000000000019000                PROVIDE (__preinit_array_end, .)

.init_array     0x0000000000019000        0x0
                0x0000000000019000                PROVIDE (__init_array_start, .)
 *(SORT(.init_array.*) SORT(.ctors.*))
 *(.init_array EXCLUDE_FILE(*crtend?.o *crtend.o *crtbegin?.o *crtbegin.o) .ctors)
                0x0000000000019000                PROVIDE (__init_array_end, .)

.fini_array     0x0000000000019000        0x0
                0x0000000000019000                PROVIDE (__fini_array_start, .)
 *(SORT(.fini_array.*) SORT(.dtors.*))
 *(.fini_array EXCLUDE_FILE(*crtend?.o *crtend.o *crtbegin?.o *crtbegin.o) .dtors)
                0x0000000000019000                PROVIDE (__fini_array_end, .)

.ctors
 *crtbegin.o(.ctors)
 *crtbegin?.o(.ctors)
 *(EXCLUDE_FILE(*crtend?.o *crtend.o) .ctors)
 *(SORT(.ctors.*))
 *(.ctors)

.dtors
 *crtbegin.o(.dtors)
 *crtbegin?.o(.dtors)
 *(EXCLUDE_FILE(*crtend?.o *crtend.o) .dtors)
 *(SORT(.dtors.*))
 *(.dtors)

.jcr
 *(.jcr)

.data.rel.ro
 *(.data.rel.ro.local* .gnu.linkonce.d.rel.ro.local.*)
 *(.data.rel.ro .data.rel.ro.* .gnu.linkonce.d.rel.ro.*)

.dynamic
 *(.dynamic)

.got
 *(.got)
 *(.igot)
                0x0000000000019000                . = DATA_SEGMENT_RELRO_END (., (SIZEOF (.got.plt) >= 0xc)?0xc:0x0)

.got.plt        0x0000000000019000        0x0
 *(.got.plt)
 *(.igot.plt)
 .igot.plt      0x0000000000000000        0x0 kernel/kernel.o

.data           0x0000000000019000     0x1340
 *(.data .data.* .gnu.linkonce.d.*)
 .data          0x0000000000019000        0x2 kernel/kernel.o
 .data          0x0000000000019002        0x0 kernel/start.o
 *fill*         0x0000000000019002       0x1e 
 .data          0x0000000000019020      0xb14 kernel/main.o
                0x0000000000019020                location
                0x00000000000190a0                curFile
                0x0000000000019120                fileNames
                0x0000000000019b20                password
                0x0000000000019b2a                curUser
 .data          0x0000000000019b34        0x0 kernel/clock.o
 *fill*         0x0000000000019b34        0xc 
 .data          0x0000000000019b40      0x600 kernel/keyboard.o
                0x0000000000019b40                keymap
 .data          0x000000000001a140       0x22 kernel/tty.o
 .data          0x000000000001a162        0x0 kernel/console.o
 .data          0x000000000001a162        0x0 kernel/i8259.o
 *fill*         0x000000000001a162       0x1e 
 .data          0x000000000001a180      0x1c0 kernel/global.o
                0x000000000001a180                task_table
                0x000000000001a260                user_proc_table
                0x000000000001a300                sys_call_table
                0x000000000001a30c                xia_call_table
                0x000000000001a318                dd_map
                0x000000000001a330                fsbuf
                0x000000000001a334                mmbuf
                0x000000000001a338                logbuf
                0x000000000001a33c                logdiskbuf
 .data          0x000000000001a340        0x0 kernel/protect.o
 .data          0x000000000001a340        0x0 kernel/proc.o
 .data          0x000000000001a340        0x0 kernel/systask.o
 .data          0x000000000001a340        0x0 kernel/hd.o
 .data          0x000000000001a340        0x0 kernel/klib.o
 .data          0x000000000001a340        0x0 kernel/animation.o
 .data          0x000000000001a340        0x0 lib/syslog.o
 .data          0x000000000001a340        0x0 mm/main.o
 .data          0x000000000001a340        0x0 mm/forkexit.o
 .data          0x000000000001a340        0x0 mm/exec.o
 .data          0x000000000001a340        0x0 fs/main.o
 .data          0x000000000001a340        0x0 fs/open.o
 .data          0x000000000001a340        0x0 fs/misc.o
 .data          0x000000000001a340        0x0 fs/read_write.o
 .data          0x000000000001a340        0x0 fs/link.o
 .data          0x000000000001a340        0x0 fs/disklog.o
 .data          0x000000000001a340        0x0 lib/orangescrt.a(sys_xia.o)
 .data          0x000000000001a340        0x0 lib/orangescrt.a(printf.o)
 .data          0x000000000001a340        0x0 lib/orangescrt.a(vsprintf.o)
 .data          0x000000000001a340        0x0 lib/orangescrt.a(misc.o)
 .data          0x000000000001a340        0x0 lib/orangescrt.a(open.o)
 .data          0x000000000001a340        0x0 lib/orangescrt.a(read.o)
 .data          0x000000000001a340        0x0 lib/orangescrt.a(write.o)
 .data          0x000000000001a340        0x0 lib/orangescrt.a(close.o)
 .data          0x000000000001a340        0x0 lib/orangescrt.a(unlink.o)
 .data          0x000000000001a340        0x0 lib/orangescrt.a(getpid.o)
 .data          0x000000000001a340        0x0 lib/orangescrt.a(stat.o)
 .data          0x000000000001a340        0x0 lib/orangescrt.a(fork.o)
 .data          0x000000000001a340        0x0 lib/orangescrt.a(wait.o)
 .data          0x000000000001a340        0x0 lib/orangescrt.a(exec.o)

.data1
 *(.data1)
                0x000000000001a340                _edata = .
                0x000000000001a340                PROVIDE (edata, .)
                0x000000000001a340                . = .
                0x000000000001a340                __bss_start = .

.bss            0x000000000001a340    0x296d8
 *(.dynbss)
 *(.bss .bss.* .gnu.linkonce.b.*)
 .bss           0x000000000001a340      0x800 kernel/kernel.o
 .bss           0x000000000001ab40        0x0 kernel/start.o
 .bss           0x000000000001ab40      0x160 kernel/main.o
                0x000000000001ab40                fileCount
                0x000000000001ab44                flag
                0x000000000001ab60                FAT
 .bss           0x000000000001aca0        0x0 kernel/clock.o
 .bss           0x000000000001aca0       0x58 kernel/keyboard.o
 .bss           0x000000000001acf8        0x0 kernel/tty.o
 .bss           0x000000000001acf8        0x0 kernel/console.o
 .bss           0x000000000001acf8        0x0 kernel/i8259.o
 .bss           0x000000000001acf8        0x0 kernel/global.o
 .bss           0x000000000001acf8        0x0 kernel/protect.o
 .bss           0x000000000001acf8        0x0 kernel/proc.o
 .bss           0x000000000001acf8        0x0 kernel/systask.o
 *fill*         0x000000000001acf8        0x8 
 .bss           0x000000000001ad00      0x64c kernel/hd.o
 .bss           0x000000000001b34c        0x0 kernel/klib.o
 .bss           0x000000000001b34c        0x0 kernel/animation.o
 .bss           0x000000000001b34c        0x0 lib/syslog.o
 .bss           0x000000000001b34c        0x0 mm/main.o
 .bss           0x000000000001b34c        0x0 mm/forkexit.o
 .bss           0x000000000001b34c        0x0 mm/exec.o
 .bss           0x000000000001b34c        0x0 fs/main.o
 .bss           0x000000000001b34c        0x0 fs/open.o
 .bss           0x000000000001b34c        0x0 fs/misc.o
 .bss           0x000000000001b34c        0x0 fs/read_write.o
 .bss           0x000000000001b34c        0x0 fs/link.o
 *fill*         0x000000000001b34c       0x14 
 .bss           0x000000000001b360      0x208 fs/disklog.o
 .bss           0x000000000001b568        0x0 lib/orangescrt.a(sys_xia.o)
 .bss           0x000000000001b568        0x0 lib/orangescrt.a(printf.o)
 .bss           0x000000000001b568        0x0 lib/orangescrt.a(vsprintf.o)
 .bss           0x000000000001b568        0x0 lib/orangescrt.a(misc.o)
 .bss           0x000000000001b568        0x0 lib/orangescrt.a(open.o)
 .bss           0x000000000001b568        0x0 lib/orangescrt.a(read.o)
 .bss           0x000000000001b568        0x0 lib/orangescrt.a(write.o)
 .bss           0x000000000001b568        0x0 lib/orangescrt.a(close.o)
 .bss           0x000000000001b568        0x0 lib/orangescrt.a(unlink.o)
 .bss           0x000000000001b568        0x0 lib/orangescrt.a(getpid.o)
 .bss           0x000000000001b568        0x0 lib/orangescrt.a(stat.o)
 .bss           0x000000000001b568        0x0 lib/orangescrt.a(fork.o)
 .bss           0x000000000001b568        0x0 lib/orangescrt.a(wait.o)
 .bss           0x000000000001b568        0x0 lib/orangescrt.a(exec.o)
 *(COMMON)
 *fill*         0x000000000001b568       0x18 
 COMMON         0x000000000001b580    0x28488 kernel/global.o
                0x000000000001b580                idt_ptr
                0x000000000001b5a0                inode_table
                0x000000000001c0a0                task_stack
                0x00000000000400a0                k_reenter
                0x00000000000400c0                gdt
                0x00000000000404c0                current_console
                0x00000000000404c4                pcaller
                0x00000000000404e0                tty_table
                0x0000000000041160                tss
                0x00000000000411e0                fs_msg
                0x0000000000041290                memory_size
                0x00000000000412a0                f_desc_table
                0x00000000000416a0                root_inode
                0x00000000000416a4                disp_pos
                0x00000000000416c0                mm_msg
                0x0000000000041770                key_pressed
                0x0000000000041774                gdt_ptr
                0x0000000000041780                idt
                0x0000000000041f80                super_block
                0x0000000000042160                ticks
                0x0000000000042180                console_table
                0x00000000000421c0                irq_table
                0x0000000000042200                p_proc_ready
                0x0000000000042220                proc_table
 COMMON         0x0000000000043a08       0x10 kernel/hd.o
                0x0000000000043a08                PARTITION_ENTRY
                0x0000000000043a18                . = ALIGN ((. != 0x0)?0x4:0x1)
                0x0000000000043a18                . = ALIGN (0x4)
                0x0000000000043a18                . = SEGMENT_START ("ldata-segment", .)
                0x0000000000043a18                . = ALIGN (0x4)
                0x0000000000043a18                _end = .
                0x0000000000043a18                PROVIDE (end, .)
                0x0000000000043a18                . = DATA_SEGMENT_END (.)

.stab
 *(.stab)

.stabstr
 *(.stabstr)

.stab.excl
 *(.stab.excl)

.stab.exclstr
 *(.stab.exclstr)

.stab.index
 *(.stab.index)

.stab.indexstr
 *(.stab.indexstr)

.comment        0x0000000000000000       0x2b
 *(.comment)
 .comment       0x0000000000000000       0x2b kernel/start.o
                                         0x2c (size before relaxing)
 .comment       0x0000000000000000       0x2c kernel/main.o
 .comment       0x0000000000000000       0x2c kernel/clock.o
 .comment       0x0000000000000000       0x2c kernel/keyboard.o
 .comment       0x0000000000000000       0x2c kernel/tty.o
 .comment       0x0000000000000000       0x2c kernel/console.o
 .comment       0x0000000000000000       0x2c kernel/i8259.o
 .comment       0x0000000000000000       0x2c kernel/global.o
 .comment       0x0000000000000000       0x2c kernel/protect.o
 .comment       0x0000000000000000       0x2c kernel/proc.o
 .comment       0x0000000000000000       0x2c kernel/systask.o
 .comment       0x0000000000000000       0x2c kernel/hd.o
 .comment       0x0000000000000000       0x2c kernel/klib.o
 .comment       0x0000000000000000       0x2c kernel/animation.o
 .comment       0x0000000000000000       0x2c lib/syslog.o
 .comment       0x0000000000000000       0x2c mm/main.o
 .comment       0x0000000000000000       0x2c mm/forkexit.o
 .comment       0x0000000000000000       0x2c mm/exec.o
 .comment       0x0000000000000000       0x2c fs/main.o
 .comment       0x0000000000000000       0x2c fs/open.o
 .comment       0x0000000000000000       0x2c fs/misc.o
 .comment       0x0000000000000000       0x2c fs/read_write.o
 .comment       0x0000000000000000       0x2c fs/link.o
 .comment       0x0000000000000000       0x2c fs/disklog.o
 .comment       0x0000000000000000       0x2c lib/orangescrt.a(sys_xia.o)
 .comment       0x0000000000000000       0x2c lib/orangescrt.a(printf.o)
 .comment       0x0000000000000000       0x2c lib/orangescrt.a(vsprintf.o)
 .comment       0x0000000000000000       0x2c lib/orangescrt.a(misc.o)
 .comment       0x0000000000000000       0x2c lib/orangescrt.a(open.o)
 .comment       0x0000000000000000       0x2c lib/orangescrt.a(read.o)
 .comment       0x0000000000000000       0x2c lib/orangescrt.a(write.o)
 .comment       0x0000000000000000       0x2c lib/orangescrt.a(close.o)
 .comment       0x0000000000000000       0x2c lib/orangescrt.a(unlink.o)
 .comment       0x0000000000000000       0x2c lib/orangescrt.a(getpid.o)
 .comment       0x0000000000000000       0x2c lib/orangescrt.a(stat.o)
 .comment       0x0000000000000000       0x2c lib/orangescrt.a(fork.o)
 .comment       0x0000000000000000       0x2c lib/orangescrt.a(wait.o)
 .comment       0x0000000000000000       0x2c lib/orangescrt.a(exec.o)

.debug
 *(.debug)

.line
 *(.line)

.debug_srcinfo
 *(.debug_srcinfo)

.debug_sfnames
 *(.debug_sfnames)

.debug_aranges
 *(.debug_aranges)

.debug_pubnames
 *(.debug_pubnames)

.debug_info
 *(.debug_info .gnu.linkonce.wi.*)

.debug_abbrev
 *(.debug_abbrev)

.debug_line
 *(.debug_line .debug_line.* .debug_line_end)

.debug_frame
 *(.debug_frame)

.debug_str
 *(.debug_str)

.debug_loc
 *(.debug_loc)

.debug_macinfo
 *(.debug_macinfo)

.debug_weaknames
 *(.debug_weaknames)

.debug_funcnames
 *(.debug_funcnames)

.debug_typenames
 *(.debug_typenames)

.debug_varnames
 *(.debug_varnames)

.debug_pubtypes
 *(.debug_pubtypes)

.debug_ranges
 *(.debug_ranges)

.debug_macro
 *(.debug_macro)

.gnu.attributes
 *(.gnu.attributes)

/DISCARD/
 *(.note.GNU-stack)
 *(.gnu_debuglink)
 *(.gnu.lto_*)
OUTPUT(kernel.bin elf32-i386)
