Archive member included to satisfy reference by file (symbol)

lib/orangescrt.a(sys_xia.o)   kernel/global.o (sys_xia)
lib/orangescrt.a(printf.o)    kernel/main.o (printf)
lib/orangescrt.a(vsprintf.o)  kernel/main.o (vsprintf)
lib/orangescrt.a(string.o)    kernel/start.o (memcpy)
lib/orangescrt.a(misc.o)      kernel/main.o (send_recv)
lib/orangescrt.a(open.o)      kernel/main.o (open)
lib/orangescrt.a(read.o)      kernel/main.o (read)
lib/orangescrt.a(write.o)     kernel/main.o (write)
lib/orangescrt.a(close.o)     kernel/main.o (close)
lib/orangescrt.a(unlink.o)    kernel/main.o (unlink)
lib/orangescrt.a(getpid.o)    fs/disklog.o (getpid)
lib/orangescrt.a(stat.o)      mm/exec.o (stat)
lib/orangescrt.a(fork.o)      kernel/main.o (fork)
lib/orangescrt.a(wait.o)      kernel/main.o (wait)
lib/orangescrt.a(exec.o)      kernel/main.o (execv)
lib/orangescrt.a(syscall.o)   lib/orangescrt.a(misc.o) (sendrec)

Allocating common symbols
Common symbol       size              file

idt_ptr             0x6               kernel/global.o
inode_table         0xb00             kernel/global.o
task_stack          0x24000           kernel/global.o
k_reenter           0x4               kernel/global.o
gdt                 0x400             kernel/global.o
current_console     0x4               kernel/global.o
pcaller             0x4               kernel/global.o
tty_table           0xc6c             kernel/global.o
tss                 0x68              kernel/global.o
fs_msg              0xb0              kernel/global.o
memory_size         0x4               kernel/global.o
f_desc_table        0x400             kernel/global.o
root_inode          0x4               kernel/global.o
disp_pos            0x4               kernel/global.o
mm_msg              0xb0              kernel/global.o
key_pressed         0x4               kernel/global.o
gdt_ptr             0x6               kernel/global.o
idt                 0x800             kernel/global.o
super_block         0x1e0             kernel/global.o
PARTITION_ENTRY     0x10              kernel/hd.o
ticks               0x4               kernel/global.o
console_table       0x3c              kernel/global.o
irq_table           0x40              kernel/global.o
p_proc_ready        0x4               kernel/global.o
proc_table          0x17e8            kernel/global.o

Discarded input sections

 .note.GNU-stack
                0x0000000000000000        0x0 kernel/start.o
 .note.GNU-stack
                0x0000000000000000        0x0 kernel/main.o
 .note.GNU-stack
                0x0000000000000000        0x0 kernel/clock.o
 .note.GNU-stack
                0x0000000000000000        0x0 kernel/keyboard.o
 .note.GNU-stack
                0x0000000000000000        0x0 kernel/tty.o
 .note.GNU-stack
                0x0000000000000000        0x0 kernel/console.o
 .note.GNU-stack
                0x0000000000000000        0x0 kernel/i8259.o
 .note.GNU-stack
                0x0000000000000000        0x0 kernel/global.o
 .note.GNU-stack
                0x0000000000000000        0x0 kernel/protect.o
 .note.GNU-stack
                0x0000000000000000        0x0 kernel/proc.o
 .note.GNU-stack
                0x0000000000000000        0x0 kernel/systask.o
 .note.GNU-stack
                0x0000000000000000        0x0 kernel/hd.o
 .note.GNU-stack
                0x0000000000000000        0x0 kernel/klib.o
 .note.GNU-stack
                0x0000000000000000        0x0 kernel/animation.o
 .note.GNU-stack
                0x0000000000000000        0x0 lib/syslog.o
 .note.GNU-stack
                0x0000000000000000        0x0 mm/main.o
 .note.GNU-stack
                0x0000000000000000        0x0 mm/forkexit.o
 .note.GNU-stack
                0x0000000000000000        0x0 mm/exec.o
 .note.GNU-stack
                0x0000000000000000        0x0 fs/main.o
 .note.GNU-stack
                0x0000000000000000        0x0 fs/open.o
 .note.GNU-stack
                0x0000000000000000        0x0 fs/misc.o
 .note.GNU-stack
                0x0000000000000000        0x0 fs/read_write.o
 .note.GNU-stack
                0x0000000000000000        0x0 fs/link.o
 .note.GNU-stack
                0x0000000000000000        0x0 fs/disklog.o
 .note.GNU-stack
                0x0000000000000000        0x0 lib/orangescrt.a(sys_xia.o)
 .note.GNU-stack
                0x0000000000000000        0x0 lib/orangescrt.a(printf.o)
 .note.GNU-stack
                0x0000000000000000        0x0 lib/orangescrt.a(vsprintf.o)
 .note.GNU-stack
                0x0000000000000000        0x0 lib/orangescrt.a(misc.o)
 .note.GNU-stack
                0x0000000000000000        0x0 lib/orangescrt.a(open.o)
 .note.GNU-stack
                0x0000000000000000        0x0 lib/orangescrt.a(read.o)
 .note.GNU-stack
                0x0000000000000000        0x0 lib/orangescrt.a(write.o)
 .note.GNU-stack
                0x0000000000000000        0x0 lib/orangescrt.a(close.o)
 .note.GNU-stack
                0x0000000000000000        0x0 lib/orangescrt.a(unlink.o)
 .note.GNU-stack
                0x0000000000000000        0x0 lib/orangescrt.a(getpid.o)
 .note.GNU-stack
                0x0000000000000000        0x0 lib/orangescrt.a(stat.o)
 .note.GNU-stack
                0x0000000000000000        0x0 lib/orangescrt.a(fork.o)
 .note.GNU-stack
                0x0000000000000000        0x0 lib/orangescrt.a(wait.o)
 .note.GNU-stack
                0x0000000000000000        0x0 lib/orangescrt.a(exec.o)

Memory Configuration

Name             Origin             Length             Attributes
*default*        0x0000000000000000 0xffffffffffffffff

Linker script and memory map

Address of section .text set to 0x1000
LOAD kernel/kernel.o
LOAD kernel/start.o
LOAD kernel/main.o
LOAD kernel/clock.o
LOAD kernel/keyboard.o
LOAD kernel/tty.o
LOAD kernel/console.o
LOAD kernel/i8259.o
LOAD kernel/global.o
LOAD kernel/protect.o
LOAD kernel/proc.o
LOAD kernel/systask.o
LOAD kernel/hd.o
LOAD kernel/kliba.o
LOAD kernel/klib.o
LOAD kernel/animation.o
LOAD lib/syslog.o
LOAD mm/main.o
LOAD mm/forkexit.o
LOAD mm/exec.o
LOAD fs/main.o
LOAD fs/open.o
LOAD fs/misc.o
LOAD fs/read_write.o
LOAD fs/link.o
LOAD fs/disklog.o
LOAD lib/orangescrt.a
                0x0000000008048000                PROVIDE (__executable_start, 0x8048000)
                0x0000000008048094                . = (0x8048000 + SIZEOF_HEADERS)

.interp
 *(.interp)

.note.gnu.build-id
 *(.note.gnu.build-id)

.hash
 *(.hash)

.gnu.hash
 *(.gnu.hash)

.dynsym
 *(.dynsym)

.dynstr
 *(.dynstr)

.gnu.version
 *(.gnu.version)

.gnu.version_d
 *(.gnu.version_d)

.gnu.version_r
 *(.gnu.version_r)

.rel.dyn        0x0000000008048094        0x0
 *(.rel.init)
 *(.rel.text .rel.text.* .rel.gnu.linkonce.t.*)
 .rel.text      0x0000000000000000        0x0 kernel/kernel.o
 *(.rel.fini)
 *(.rel.rodata .rel.rodata.* .rel.gnu.linkonce.r.*)
 *(.rel.data.rel.ro .rel.data.rel.ro.* .rel.gnu.linkonce.d.rel.ro.*)
 *(.rel.data .rel.data.* .rel.gnu.linkonce.d.*)
 .rel.data      0x0000000000000000        0x0 kernel/kernel.o
 *(.rel.tdata .rel.tdata.* .rel.gnu.linkonce.td.*)
 *(.rel.tbss .rel.tbss.* .rel.gnu.linkonce.tb.*)
 *(.rel.ctors)
 *(.rel.dtors)
 *(.rel.got)
 *(.rel.bss .rel.bss.* .rel.gnu.linkonce.b.*)
 *(.rel.ifunc)

.rel.plt        0x0000000008048094        0x0
 *(.rel.plt)
                0x0000000008048094                PROVIDE (__rel_iplt_start, .)
 *(.rel.iplt)
 .rel.iplt      0x0000000000000000        0x0 kernel/kernel.o
                0x0000000008048094                PROVIDE (__rel_iplt_end, .)

.init
 *(SORT(.init))

.plt            0x00000000080480a0        0x0
 *(.plt)
 *(.iplt)
 .iplt          0x0000000000000000        0x0 kernel/kernel.o

.text           0x0000000000001000     0xf5a8
 *(.text.unlikely .text.*_unlikely .text.unlikely.*)
 *(.text.exit .text.exit.*)
 *(.text.startup .text.startup.*)
 *(.text.hot .text.hot.*)
 *(.text .stub .text.* .gnu.linkonce.t.*)
 .text          0x0000000000001000      0x422 kernel/kernel.o
                0x0000000000001000                _start
                0x0000000000001040                hwint00
                0x0000000000001070                hwint01
                0x00000000000010a0                hwint02
                0x00000000000010d0                hwint03
                0x0000000000001100                hwint04
                0x0000000000001130                hwint05
                0x0000000000001160                hwint06
                0x0000000000001190                hwint07
                0x00000000000011c0                hwint08
                0x00000000000011f0                hwint09
                0x0000000000001220                hwint10
                0x0000000000001250                hwint11
                0x0000000000001280                hwint12
                0x00000000000012b0                hwint13
                0x00000000000012e0                hwint14
                0x0000000000001310                hwint15
                0x0000000000001334                divide_error
                0x000000000000133a                single_step_exception
                0x0000000000001340                nmi
                0x0000000000001346                breakpoint_exception
                0x000000000000134c                overflow
                0x0000000000001352                bounds_check
                0x0000000000001358                inval_opcode
                0x000000000000135e                copr_not_available
                0x0000000000001364                double_fault
                0x0000000000001368                copr_seg_overrun
                0x000000000000136e                inval_tss
                0x0000000000001372                segment_not_present
                0x0000000000001376                stack_exception
                0x000000000000137a                general_protection
                0x000000000000137e                page_fault
                0x0000000000001382                copr_error
                0x00000000000013cb                sys_call
                0x00000000000013eb                xia_call
                0x00000000000013fd                restart
 .text          0x0000000000001422       0x8e kernel/start.o
                0x0000000000001422                cstart
 .text          0x00000000000014b0     0x2958 kernel/main.o
                0x00000000000014b0                sleep
                0x00000000000014da                kernel_main
                0x000000000000180f                get_ticks
                0x0000000000001853                untar
                0x0000000000001a1d                Init
                0x0000000000001b4c                TestA
                0x0000000000001b51                TestB
                0x0000000000001b56                TestC
                0x0000000000001b5b                panic
                0x0000000000001bab                hello
                0x0000000000001c0d                shabby_shell
                0x00000000000023d0                clearArr
                0x00000000000023f8                login
                0x000000000000245a                hasLogined
                0x0000000000002483                newLogin
                0x0000000000002524                clearAll
                0x0000000000002662                createAll
                0x00000000000027ed                realEdit
                0x0000000000002837                save
                0x0000000000002b53                initFs
                0x0000000000002f2a                welcome
                0x0000000000002fbf                colorful
                0x0000000000003372                clear
                0x00000000000033a0                getPos
                0x00000000000033e4                showProcess
                0x000000000000348a                help
                0x0000000000003582                createFile
                0x00000000000036fc                isExist
                0x000000000000379e                editFile
                0x000000000000389e                readFile
                0x00000000000039ae                deleteFile
                0x0000000000003a9a                delete
                0x0000000000003b95                lsFile
                0x0000000000003c48                cdFile
                0x0000000000003c96                cdBack
                0x0000000000003d93                TESTA
 .text          0x0000000000003e08      0x115 kernel/clock.o
                0x0000000000003e08                clock_handler
                0x0000000000003e80                milli_delay
                0x0000000000003eb9                init_clock
 .text          0x0000000000003f1d      0x6cf kernel/keyboard.o
                0x0000000000003f1d                keyboard_handler
                0x0000000000003f83                init_keyboard
                0x0000000000004032                keyboard_read
 .text          0x00000000000045ec      0xa67 kernel/tty.o
                0x00000000000045ec                task_tty
                0x0000000000004783                init_tty
                0x00000000000047c1                in_process
                0x0000000000004d5a                sys_printx
                0x0000000000004efc                dump_tty_buf
 .text          0x0000000000005053      0x7e8 kernel/console.o
                0x0000000000005053                init_screen
                0x00000000000051cb                out_char
                0x0000000000005488                clear_screen
                0x00000000000054c1                is_current_console
                0x00000000000055b6                select_console
                0x00000000000055f1                scroll_screen
                0x00000000000057d5                flush
 .text          0x000000000000583b      0x13c kernel/i8259.o
                0x000000000000583b                init_8259A
                0x000000000000592c                spurious_irq
                0x0000000000005957                put_irq_handler
 .text          0x0000000000005977        0x0 kernel/global.o
 .text          0x0000000000005977      0x842 kernel/protect.o
                0x0000000000005977                init_prot
                0x0000000000005fd1                seg2linear
                0x0000000000006020                init_desc
                0x000000000000608c                exception_handler
 .text          0x00000000000061b9     0x18b6 kernel/proc.o
                0x00000000000061b9                schedule
                0x0000000000006244                sys_sendrec
                0x00000000000063a3                ldt_seg_linear
                0x00000000000063ed                va2la
                0x000000000000645c                reset_msg
                0x000000000000741d                inform_int
                0x00000000000075b3                dump_proc
                0x0000000000007916                dump_msg
 .text          0x0000000000007a6f      0x377 kernel/systask.o
                0x0000000000007a6f                task_sys
 .text          0x0000000000007de6      0xeec kernel/hd.o
                0x0000000000007de6                task_hd
                0x0000000000008cad                hd_handler
 *fill*         0x0000000000008cd2        0xe 
 .text          0x0000000000008ce0      0x19a kernel/kliba.o
                0x0000000000008ce0                disp_str
                0x0000000000008d1e                disp_color_str
                0x0000000000008d5d                out_byte
                0x0000000000008d69                in_byte
                0x0000000000008d73                port_read
                0x0000000000008d86                port_write
                0x0000000000008d99                disable_irq
                0x0000000000008dce                enable_irq
                0x0000000000008ded                disable_int
                0x0000000000008def                enable_int
                0x0000000000008df1                glitter
 .text          0x0000000000008e7a      0x2d2 kernel/klib.o
                0x0000000000008e7a                get_boot_params
                0x0000000000008f1a                get_kernel_map
                0x0000000000009036                itoa
                0x00000000000090e1                disp_int
                0x0000000000009106                delay
 .text          0x000000000000914c      0xa57 kernel/animation.o
                0x000000000000914c                animation
 .text          0x0000000000009ba3       0x75 lib/syslog.o
                0x0000000000009ba3                syslog
 .text          0x0000000000009c18      0x1d9 mm/main.o
                0x0000000000009c18                task_mm
                0x0000000000009d5e                alloc_mem
                0x0000000000009de7                free_mem
 .text          0x0000000000009df1      0x641 mm/forkexit.o
                0x0000000000009df1                do_fork
                0x000000000000a193                do_exit
                0x000000000000a370                do_wait
 .text          0x000000000000a432      0x392 mm/exec.o
                0x000000000000a432                do_exec
 .text          0x000000000000a7c4     0x1276 fs/main.o
                0x000000000000a7c4                task_fs
                0x000000000000b3ba                rw_sector
                0x000000000000b612                get_super_block
                0x000000000000b658                get_inode
                0x000000000000b7c6                put_inode
                0x000000000000b80b                sync_inode
 .text          0x000000000000ba3a      0xb5d fs/open.o
                0x000000000000ba3a                do_open
                0x000000000000bec9                do_close
                0x000000000000bf40                do_lseek
 .text          0x000000000000c597      0x3f6 fs/misc.o
                0x000000000000c597                do_stat
                0x000000000000c788                search_file
                0x000000000000c901                strip_path
 .text          0x000000000000c98d      0x522 fs/read_write.o
                0x000000000000c98d                do_rdwt
 .text          0x000000000000ceaf      0x8f6 fs/link.o
                0x000000000000ceaf                do_unlink
 .text          0x000000000000d7a5     0x2119 fs/disklog.o
                0x000000000000d7a5                disklog
                0x000000000000ddeb                dump_fd_graph
 .text          0x000000000000f8be       0x19 lib/orangescrt.a(sys_xia.o)
                0x000000000000f8be                sys_xia
 .text          0x000000000000f8d7       0xc0 lib/orangescrt.a(printf.o)
                0x000000000000f8d7                printf
                0x000000000000f956                printl
 .text          0x000000000000f997      0x318 lib/orangescrt.a(vsprintf.o)
                0x000000000000f9fa                vsprintf
                0x000000000000fc85                sprintf
 *fill*         0x000000000000fcaf        0x1 
 .text          0x000000000000fcb0       0x78 lib/orangescrt.a(string.o)
                0x000000000000fcb0                memcpy
                0x000000000000fcd9                memset
                0x000000000000fcfa                strcpy
                0x000000000000fd12                strlen
 .text          0x000000000000fd28      0x288 lib/orangescrt.a(misc.o)
                0x000000000000fd28                send_recv
                0x000000000000fe08                memcmp
                0x000000000000fe7e                strcmp
                0x000000000000fef0                strcat
                0x000000000000ff4f                spin
                0x000000000000ff6a                assertion_failure
 .text          0x000000000000ffb0       0x7f lib/orangescrt.a(open.o)
                0x000000000000ffb0                open
 .text          0x000000000001002f       0x48 lib/orangescrt.a(read.o)
                0x000000000001002f                read
 .text          0x0000000000010077       0x48 lib/orangescrt.a(write.o)
                0x0000000000010077                write
 .text          0x00000000000100bf       0x3c lib/orangescrt.a(close.o)
                0x00000000000100bf                close
 .text          0x00000000000100fb       0x4a lib/orangescrt.a(unlink.o)
                0x00000000000100fb                unlink
 .text          0x0000000000010145       0x65 lib/orangescrt.a(getpid.o)
                0x0000000000010145                getpid
 .text          0x00000000000101aa       0x7f lib/orangescrt.a(stat.o)
                0x00000000000101aa                stat
 .text          0x0000000000010229       0x90 lib/orangescrt.a(fork.o)
                0x0000000000010229                fork
 .text          0x00000000000102b9       0x4d lib/orangescrt.a(wait.o)
                0x00000000000102b9                wait
 .text          0x0000000000010306      0x26f lib/orangescrt.a(exec.o)
                0x0000000000010306                exec
                0x000000000001038d                execl
                0x00000000000103b3                execv
 *fill*         0x0000000000010575        0xb 
 .text          0x0000000000010580       0x28 lib/orangescrt.a(syscall.o)
                0x0000000000010580                sendrec
                0x000000000001059a                printx
 *(.gnu.warning)

.fini
 *(SORT(.fini))
                0x00000000000105a8                PROVIDE (__etext, .)
                0x00000000000105a8                PROVIDE (_etext, .)
                0x00000000000105a8                PROVIDE (etext, .)

.rodata         0x00000000000105c0     0x667f
 *(.rodata .rodata.* .gnu.linkonce.r.*)
 .rodata        0x00000000000105c0       0x47 kernel/start.o
 *fill*         0x0000000000010607        0x1 
 .rodata        0x0000000000010608     0x1246 kernel/main.o
 *fill*         0x000000000001184e        0x2 
 .rodata        0x0000000000011850       0x64 kernel/keyboard.o
 .rodata        0x00000000000118b4      0x168 kernel/tty.o
 .rodata        0x0000000000011a1c       0x5b kernel/console.o
 .rodata        0x0000000000011a77       0x11 kernel/i8259.o
 .rodata        0x0000000000011a88       0x10 kernel/global.o
                0x0000000000011a88                FSBUF_SIZE
                0x0000000000011a8c                MMBUF_SIZE
                0x0000000000011a90                LOGBUF_SIZE
                0x0000000000011a94                LOGDISKBUF_SIZE
 *fill*         0x0000000000011a98        0x8 
 .rodata        0x0000000000011aa0      0x580 kernel/protect.o
 .rodata        0x0000000000012020      0x5da kernel/proc.o
 .rodata        0x00000000000125fa       0x24 kernel/systask.o
 *fill*         0x000000000001261e        0x2 
 .rodata        0x0000000000012620      0x1df kernel/hd.o
 *fill*         0x00000000000127ff        0x1 
 .rodata        0x0000000000012800       0x6a kernel/klib.o
 *fill*         0x000000000001286a        0x2 
 .rodata        0x000000000001286c     0x3017 kernel/animation.o
 .rodata        0x0000000000015883       0x1e lib/syslog.o
 *fill*         0x00000000000158a1        0x3 
 .rodata        0x00000000000158a4       0xb1 mm/main.o
 *fill*         0x0000000000015955        0x3 
 .rodata        0x0000000000015958       0xe7 mm/forkexit.o
 *fill*         0x0000000000015a3f        0x1 
 .rodata        0x0000000000015a40       0xa4 mm/exec.o
 .rodata        0x0000000000015ae4      0x2ba fs/main.o
 *fill*         0x0000000000015d9e        0x2 
 .rodata        0x0000000000015da0      0x13c fs/open.o
 .rodata        0x0000000000015edc       0x60 fs/misc.o
 .rodata        0x0000000000015f3c      0x164 fs/read_write.o
 .rodata        0x00000000000160a0      0x1ad fs/link.o
 *fill*         0x000000000001624d        0x3 
 .rodata        0x0000000000016250      0x806 fs/disklog.o
 .rodata        0x0000000000016a56       0x14 lib/orangescrt.a(printf.o)
 *fill*         0x0000000000016a6a        0x2 
 .rodata        0x0000000000016a6c       0xad lib/orangescrt.a(misc.o)
 .rodata        0x0000000000016b19       0x23 lib/orangescrt.a(open.o)
 .rodata        0x0000000000016b3c       0x25 lib/orangescrt.a(getpid.o)
 .rodata        0x0000000000016b61       0x23 lib/orangescrt.a(stat.o)
 .rodata        0x0000000000016b84       0x33 lib/orangescrt.a(fork.o)
 *fill*         0x0000000000016bb7        0x1 
 .rodata        0x0000000000016bb8       0x87 lib/orangescrt.a(exec.o)

.rodata1
 *(.rodata1)

.eh_frame_hdr
 *(.eh_frame_hdr)

.eh_frame       0x0000000000016c40     0x169c
 *(.eh_frame)
 .eh_frame      0x0000000000016c40       0x38 kernel/start.o
 .eh_frame      0x0000000000016c78      0x484 kernel/main.o
                                        0x49c (size before relaxing)
 .eh_frame      0x00000000000170fc       0x60 kernel/clock.o
                                         0x78 (size before relaxing)
 .eh_frame      0x000000000001715c       0xe0 kernel/keyboard.o
                                         0xf8 (size before relaxing)
 .eh_frame      0x000000000001723c      0x13c kernel/tty.o
                                        0x154 (size before relaxing)
 .eh_frame      0x0000000000017378      0x148 kernel/console.o
                                        0x160 (size before relaxing)
 .eh_frame      0x00000000000174c0       0x60 kernel/i8259.o
                                         0x78 (size before relaxing)
 .eh_frame      0x0000000000017520       0xb0 kernel/protect.o
                                         0xc8 (size before relaxing)
 .eh_frame      0x00000000000175d0      0x1c0 kernel/proc.o
                                        0x1d8 (size before relaxing)
 .eh_frame      0x0000000000017790       0x5c kernel/systask.o
                                         0x74 (size before relaxing)
 .eh_frame      0x00000000000177ec      0x210 kernel/hd.o
                                        0x228 (size before relaxing)
 .eh_frame      0x00000000000179fc       0xa0 kernel/klib.o
                                         0xb8 (size before relaxing)
 .eh_frame      0x0000000000017a9c       0x20 kernel/animation.o
                                         0x38 (size before relaxing)
 .eh_frame      0x0000000000017abc       0x20 lib/syslog.o
                                         0x38 (size before relaxing)
 .eh_frame      0x0000000000017adc       0x7c mm/main.o
                                         0x94 (size before relaxing)
 .eh_frame      0x0000000000017b58       0x90 mm/forkexit.o
                                         0xa8 (size before relaxing)
 .eh_frame      0x0000000000017be8       0x2c mm/exec.o
                                         0x44 (size before relaxing)
 .eh_frame      0x0000000000017c14      0x174 fs/main.o
                                        0x18c (size before relaxing)
 .eh_frame      0x0000000000017d88      0x128 fs/open.o
                                        0x140 (size before relaxing)
 .eh_frame      0x0000000000017eb0       0x70 fs/misc.o
                                         0x88 (size before relaxing)
 .eh_frame      0x0000000000017f20       0x2c fs/read_write.o
                                         0x44 (size before relaxing)
 .eh_frame      0x0000000000017f4c       0x2c fs/link.o
                                         0x44 (size before relaxing)
 .eh_frame      0x0000000000017f78       0x60 fs/disklog.o
                                         0x78 (size before relaxing)
 .eh_frame      0x0000000000017fd8       0x20 lib/orangescrt.a(sys_xia.o)
                                         0x38 (size before relaxing)
 .eh_frame      0x0000000000017ff8       0x40 lib/orangescrt.a(printf.o)
                                         0x58 (size before relaxing)
 .eh_frame      0x0000000000018038       0x68 lib/orangescrt.a(vsprintf.o)
                                         0x80 (size before relaxing)
 .eh_frame      0x00000000000180a0       0xbc lib/orangescrt.a(misc.o)
                                         0xd4 (size before relaxing)
 .eh_frame      0x000000000001815c       0x20 lib/orangescrt.a(open.o)
                                         0x38 (size before relaxing)
 .eh_frame      0x000000000001817c       0x20 lib/orangescrt.a(read.o)
                                         0x38 (size before relaxing)
 .eh_frame      0x000000000001819c       0x20 lib/orangescrt.a(write.o)
                                         0x38 (size before relaxing)
 .eh_frame      0x00000000000181bc       0x20 lib/orangescrt.a(close.o)
                                         0x38 (size before relaxing)
 .eh_frame      0x00000000000181dc       0x20 lib/orangescrt.a(unlink.o)
                                         0x38 (size before relaxing)
 .eh_frame      0x00000000000181fc       0x20 lib/orangescrt.a(getpid.o)
                                         0x38 (size before relaxing)
 .eh_frame      0x000000000001821c       0x20 lib/orangescrt.a(stat.o)
                                         0x38 (size before relaxing)
 .eh_frame      0x000000000001823c       0x20 lib/orangescrt.a(fork.o)
                                         0x38 (size before relaxing)
 .eh_frame      0x000000000001825c       0x20 lib/orangescrt.a(wait.o)
                                         0x38 (size before relaxing)
 .eh_frame      0x000000000001827c       0x60 lib/orangescrt.a(exec.o)
                                         0x78 (size before relaxing)

.gcc_except_table
 *(.gcc_except_table .gcc_except_table.*)

.exception_ranges
 *(.exception_ranges .exception_ranges*)
                0x00000000000182dc                . = (ALIGN (0x1000) - ((0x1000 - .) & 0xfff))
                0x00000000000192dc                . = DATA_SEGMENT_ALIGN (0x1000, 0x1000)

.eh_frame
 *(.eh_frame)

.gcc_except_table
 *(.gcc_except_table .gcc_except_table.*)

.exception_ranges
 *(.exception_ranges .exception_ranges*)

.tdata
 *(.tdata .tdata.* .gnu.linkonce.td.*)

.tbss
 *(.tbss .tbss.* .gnu.linkonce.tb.*)
 *(.tcommon)

.preinit_array  0x00000000000192dc        0x0
                0x00000000000192dc                PROVIDE (__preinit_array_start, .)
 *(.preinit_array)
                0x00000000000192dc                PROVIDE (__preinit_array_end, .)

.init_array     0x00000000000192dc        0x0
                0x00000000000192dc                PROVIDE (__init_array_start, .)
 *(SORT(.init_array.*) SORT(.ctors.*))
 *(.init_array EXCLUDE_FILE(*crtend?.o *crtend.o *crtbegin?.o *crtbegin.o) .ctors)
                0x00000000000192dc                PROVIDE (__init_array_end, .)

.fini_array     0x00000000000192dc        0x0
                0x00000000000192dc                PROVIDE (__fini_array_start, .)
 *(SORT(.fini_array.*) SORT(.dtors.*))
 *(.fini_array EXCLUDE_FILE(*crtend?.o *crtend.o *crtbegin?.o *crtbegin.o) .dtors)
                0x00000000000192dc                PROVIDE (__fini_array_end, .)

.ctors
 *crtbegin.o(.ctors)
 *crtbegin?.o(.ctors)
 *(EXCLUDE_FILE(*crtend?.o *crtend.o) .ctors)
 *(SORT(.ctors.*))
 *(.ctors)

.dtors
 *crtbegin.o(.dtors)
 *crtbegin?.o(.dtors)
 *(EXCLUDE_FILE(*crtend?.o *crtend.o) .dtors)
 *(SORT(.dtors.*))
 *(.dtors)

.jcr
 *(.jcr)

.data.rel.ro
 *(.data.rel.ro.local* .gnu.linkonce.d.rel.ro.local.*)
 *(.data.rel.ro .data.rel.ro.* .gnu.linkonce.d.rel.ro.*)

.dynamic
 *(.dynamic)

.got
 *(.got)
 *(.igot)
                0x00000000000192dc                . = DATA_SEGMENT_RELRO_END (., (SIZEOF (.got.plt) >= 0xc)?0xc:0x0)

.got.plt        0x00000000000192dc        0x0
 *(.got.plt)
 *(.igot.plt)
 .igot.plt      0x0000000000000000        0x0 kernel/kernel.o

.data           0x00000000000192e0     0x1340
 *(.data .data.* .gnu.linkonce.d.*)
 .data          0x00000000000192e0        0x2 kernel/kernel.o
 .data          0x00000000000192e2        0x0 kernel/start.o
 *fill*         0x00000000000192e2       0x1e 
 .data          0x0000000000019300      0xb14 kernel/main.o
                0x0000000000019300                location
                0x0000000000019380                curFile
                0x0000000000019400                fileNames
                0x0000000000019e00                password
                0x0000000000019e0a                curUser
 .data          0x0000000000019e14        0x0 kernel/clock.o
 *fill*         0x0000000000019e14        0xc 
 .data          0x0000000000019e20      0x600 kernel/keyboard.o
                0x0000000000019e20                keymap
 .data          0x000000000001a420       0x22 kernel/tty.o
 .data          0x000000000001a442        0x0 kernel/console.o
 .data          0x000000000001a442        0x0 kernel/i8259.o
 *fill*         0x000000000001a442       0x1e 
 .data          0x000000000001a460      0x1c0 kernel/global.o
                0x000000000001a460                task_table
                0x000000000001a540                user_proc_table
                0x000000000001a5e0                sys_call_table
                0x000000000001a5ec                xia_call_table
                0x000000000001a5f8                dd_map
                0x000000000001a610                fsbuf
                0x000000000001a614                mmbuf
                0x000000000001a618                logbuf
                0x000000000001a61c                logdiskbuf
 .data          0x000000000001a620        0x0 kernel/protect.o
 .data          0x000000000001a620        0x0 kernel/proc.o
 .data          0x000000000001a620        0x0 kernel/systask.o
 .data          0x000000000001a620        0x0 kernel/hd.o
 .data          0x000000000001a620        0x0 kernel/klib.o
 .data          0x000000000001a620        0x0 kernel/animation.o
 .data          0x000000000001a620        0x0 lib/syslog.o
 .data          0x000000000001a620        0x0 mm/main.o
 .data          0x000000000001a620        0x0 mm/forkexit.o
 .data          0x000000000001a620        0x0 mm/exec.o
 .data          0x000000000001a620        0x0 fs/main.o
 .data          0x000000000001a620        0x0 fs/open.o
 .data          0x000000000001a620        0x0 fs/misc.o
 .data          0x000000000001a620        0x0 fs/read_write.o
 .data          0x000000000001a620        0x0 fs/link.o
 .data          0x000000000001a620        0x0 fs/disklog.o
 .data          0x000000000001a620        0x0 lib/orangescrt.a(sys_xia.o)
 .data          0x000000000001a620        0x0 lib/orangescrt.a(printf.o)
 .data          0x000000000001a620        0x0 lib/orangescrt.a(vsprintf.o)
 .data          0x000000000001a620        0x0 lib/orangescrt.a(misc.o)
 .data          0x000000000001a620        0x0 lib/orangescrt.a(open.o)
 .data          0x000000000001a620        0x0 lib/orangescrt.a(read.o)
 .data          0x000000000001a620        0x0 lib/orangescrt.a(write.o)
 .data          0x000000000001a620        0x0 lib/orangescrt.a(close.o)
 .data          0x000000000001a620        0x0 lib/orangescrt.a(unlink.o)
 .data          0x000000000001a620        0x0 lib/orangescrt.a(getpid.o)
 .data          0x000000000001a620        0x0 lib/orangescrt.a(stat.o)
 .data          0x000000000001a620        0x0 lib/orangescrt.a(fork.o)
 .data          0x000000000001a620        0x0 lib/orangescrt.a(wait.o)
 .data          0x000000000001a620        0x0 lib/orangescrt.a(exec.o)

.data1
 *(.data1)
                0x000000000001a620                _edata = .
                0x000000000001a620                PROVIDE (edata, .)
                0x000000000001a620                . = .
                0x000000000001a620                __bss_start = .

.bss            0x000000000001a620    0x296d8
 *(.dynbss)
 *(.bss .bss.* .gnu.linkonce.b.*)
 .bss           0x000000000001a620      0x800 kernel/kernel.o
 .bss           0x000000000001ae20        0x0 kernel/start.o
 .bss           0x000000000001ae20      0x160 kernel/main.o
                0x000000000001ae20                fileCount
                0x000000000001ae24                flag
                0x000000000001ae40                FAT
 .bss           0x000000000001af80        0x0 kernel/clock.o
 .bss           0x000000000001af80       0x58 kernel/keyboard.o
 .bss           0x000000000001afd8        0x0 kernel/tty.o
 .bss           0x000000000001afd8        0x0 kernel/console.o
 .bss           0x000000000001afd8        0x0 kernel/i8259.o
 .bss           0x000000000001afd8        0x0 kernel/global.o
 .bss           0x000000000001afd8        0x0 kernel/protect.o
 .bss           0x000000000001afd8        0x0 kernel/proc.o
 .bss           0x000000000001afd8        0x0 kernel/systask.o
 *fill*         0x000000000001afd8        0x8 
 .bss           0x000000000001afe0      0x64c kernel/hd.o
 .bss           0x000000000001b62c        0x0 kernel/klib.o
 .bss           0x000000000001b62c        0x0 kernel/animation.o
 .bss           0x000000000001b62c        0x0 lib/syslog.o
 .bss           0x000000000001b62c        0x0 mm/main.o
 .bss           0x000000000001b62c        0x0 mm/forkexit.o
 .bss           0x000000000001b62c        0x0 mm/exec.o
 .bss           0x000000000001b62c        0x0 fs/main.o
 .bss           0x000000000001b62c        0x0 fs/open.o
 .bss           0x000000000001b62c        0x0 fs/misc.o
 .bss           0x000000000001b62c        0x0 fs/read_write.o
 .bss           0x000000000001b62c        0x0 fs/link.o
 *fill*         0x000000000001b62c       0x14 
 .bss           0x000000000001b640      0x208 fs/disklog.o
 .bss           0x000000000001b848        0x0 lib/orangescrt.a(sys_xia.o)
 .bss           0x000000000001b848        0x0 lib/orangescrt.a(printf.o)
 .bss           0x000000000001b848        0x0 lib/orangescrt.a(vsprintf.o)
 .bss           0x000000000001b848        0x0 lib/orangescrt.a(misc.o)
 .bss           0x000000000001b848        0x0 lib/orangescrt.a(open.o)
 .bss           0x000000000001b848        0x0 lib/orangescrt.a(read.o)
 .bss           0x000000000001b848        0x0 lib/orangescrt.a(write.o)
 .bss           0x000000000001b848        0x0 lib/orangescrt.a(close.o)
 .bss           0x000000000001b848        0x0 lib/orangescrt.a(unlink.o)
 .bss           0x000000000001b848        0x0 lib/orangescrt.a(getpid.o)
 .bss           0x000000000001b848        0x0 lib/orangescrt.a(stat.o)
 .bss           0x000000000001b848        0x0 lib/orangescrt.a(fork.o)
 .bss           0x000000000001b848        0x0 lib/orangescrt.a(wait.o)
 .bss           0x000000000001b848        0x0 lib/orangescrt.a(exec.o)
 *(COMMON)
 *fill*         0x000000000001b848       0x18 
 COMMON         0x000000000001b860    0x28488 kernel/global.o
                0x000000000001b860                idt_ptr
                0x000000000001b880                inode_table
                0x000000000001c380                task_stack
                0x0000000000040380                k_reenter
                0x00000000000403a0                gdt
                0x00000000000407a0                current_console
                0x00000000000407a4                pcaller
                0x00000000000407c0                tty_table
                0x0000000000041440                tss
                0x00000000000414c0                fs_msg
                0x0000000000041570                memory_size
                0x0000000000041580                f_desc_table
                0x0000000000041980                root_inode
                0x0000000000041984                disp_pos
                0x00000000000419a0                mm_msg
                0x0000000000041a50                key_pressed
                0x0000000000041a54                gdt_ptr
                0x0000000000041a60                idt
                0x0000000000042260                super_block
                0x0000000000042440                ticks
                0x0000000000042460                console_table
                0x00000000000424a0                irq_table
                0x00000000000424e0                p_proc_ready
                0x0000000000042500                proc_table
 COMMON         0x0000000000043ce8       0x10 kernel/hd.o
                0x0000000000043ce8                PARTITION_ENTRY
                0x0000000000043cf8                . = ALIGN ((. != 0x0)?0x4:0x1)
                0x0000000000043cf8                . = ALIGN (0x4)
                0x0000000000043cf8                . = SEGMENT_START ("ldata-segment", .)
                0x0000000000043cf8                . = ALIGN (0x4)
                0x0000000000043cf8                _end = .
                0x0000000000043cf8                PROVIDE (end, .)
                0x0000000000043cf8                . = DATA_SEGMENT_END (.)

.stab
 *(.stab)

.stabstr
 *(.stabstr)

.stab.excl
 *(.stab.excl)

.stab.exclstr
 *(.stab.exclstr)

.stab.index
 *(.stab.index)

.stab.indexstr
 *(.stab.indexstr)

.comment        0x0000000000000000       0x2b
 *(.comment)
 .comment       0x0000000000000000       0x2b kernel/start.o
                                         0x2c (size before relaxing)
 .comment       0x0000000000000000       0x2c kernel/main.o
 .comment       0x0000000000000000       0x2c kernel/clock.o
 .comment       0x0000000000000000       0x2c kernel/keyboard.o
 .comment       0x0000000000000000       0x2c kernel/tty.o
 .comment       0x0000000000000000       0x2c kernel/console.o
 .comment       0x0000000000000000       0x2c kernel/i8259.o
 .comment       0x0000000000000000       0x2c kernel/global.o
 .comment       0x0000000000000000       0x2c kernel/protect.o
 .comment       0x0000000000000000       0x2c kernel/proc.o
 .comment       0x0000000000000000       0x2c kernel/systask.o
 .comment       0x0000000000000000       0x2c kernel/hd.o
 .comment       0x0000000000000000       0x2c kernel/klib.o
 .comment       0x0000000000000000       0x2c kernel/animation.o
 .comment       0x0000000000000000       0x2c lib/syslog.o
 .comment       0x0000000000000000       0x2c mm/main.o
 .comment       0x0000000000000000       0x2c mm/forkexit.o
 .comment       0x0000000000000000       0x2c mm/exec.o
 .comment       0x0000000000000000       0x2c fs/main.o
 .comment       0x0000000000000000       0x2c fs/open.o
 .comment       0x0000000000000000       0x2c fs/misc.o
 .comment       0x0000000000000000       0x2c fs/read_write.o
 .comment       0x0000000000000000       0x2c fs/link.o
 .comment       0x0000000000000000       0x2c fs/disklog.o
 .comment       0x0000000000000000       0x2c lib/orangescrt.a(sys_xia.o)
 .comment       0x0000000000000000       0x2c lib/orangescrt.a(printf.o)
 .comment       0x0000000000000000       0x2c lib/orangescrt.a(vsprintf.o)
 .comment       0x0000000000000000       0x2c lib/orangescrt.a(misc.o)
 .comment       0x0000000000000000       0x2c lib/orangescrt.a(open.o)
 .comment       0x0000000000000000       0x2c lib/orangescrt.a(read.o)
 .comment       0x0000000000000000       0x2c lib/orangescrt.a(write.o)
 .comment       0x0000000000000000       0x2c lib/orangescrt.a(close.o)
 .comment       0x0000000000000000       0x2c lib/orangescrt.a(unlink.o)
 .comment       0x0000000000000000       0x2c lib/orangescrt.a(getpid.o)
 .comment       0x0000000000000000       0x2c lib/orangescrt.a(stat.o)
 .comment       0x0000000000000000       0x2c lib/orangescrt.a(fork.o)
 .comment       0x0000000000000000       0x2c lib/orangescrt.a(wait.o)
 .comment       0x0000000000000000       0x2c lib/orangescrt.a(exec.o)

.debug
 *(.debug)

.line
 *(.line)

.debug_srcinfo
 *(.debug_srcinfo)

.debug_sfnames
 *(.debug_sfnames)

.debug_aranges
 *(.debug_aranges)

.debug_pubnames
 *(.debug_pubnames)

.debug_info
 *(.debug_info .gnu.linkonce.wi.*)

.debug_abbrev
 *(.debug_abbrev)

.debug_line
 *(.debug_line .debug_line.* .debug_line_end)

.debug_frame
 *(.debug_frame)

.debug_str
 *(.debug_str)

.debug_loc
 *(.debug_loc)

.debug_macinfo
 *(.debug_macinfo)

.debug_weaknames
 *(.debug_weaknames)

.debug_funcnames
 *(.debug_funcnames)

.debug_typenames
 *(.debug_typenames)

.debug_varnames
 *(.debug_varnames)

.debug_pubtypes
 *(.debug_pubtypes)

.debug_ranges
 *(.debug_ranges)

.debug_macro
 *(.debug_macro)

.gnu.attributes
 *(.gnu.attributes)

/DISCARD/
 *(.note.GNU-stack)
 *(.gnu_debuglink)
 *(.gnu.lto_*)
OUTPUT(kernel.bin elf32-i386)
